// Jest Snapshot v1, https://goo.gl/fbAQLP

exports[`Experience Card display correctly 1`] = `
.c2 {
  font-size: 11px;
  display: inline-block;
  border-radius: 6px;
  padding: 0 10px;
  margin-right: 6px;
  margin-bottom: 6px;
  line-height: 2;
  -webkit-transition: background-color 250ms ease-in-out;
  transition: background-color 250ms ease-in-out;
  background-color: hsl(0,0%,90%);
}

.c2[href^='http'] {
  background-color: hsl(46,50%,92%);
}

.c2[href^='http']:hover {
  background: hsl(46,50%,85%);
}

.c1 {
  margin-top: 10px;
}

.c0 {
  margin-bottom: 32px;
}

.c0 h2 {
  margin-bottom: 10px;
}

.c0 h3 {
  font-size: 12px;
  margin-bottom: 4px;
}

.c0 p {
  margin-bottom: 15px;
}

<div
  className="c0"
>
  <h2>
    Waitrose
  </h2>
  <div
    className="c1"
  >
    <a
      className="c2"
      href="https://reactjs.org/"
      target="_blank"
    >
      ReactJS
    </a>
    <span
      className="c2"
    >
      Redux
    </span>
  </div>
</div>
`;
