// Jest Snapshot v1, https://goo.gl/fbAQLP

exports[`Experience Card display correctly 1`] = `
.c2 {
  font-size: 11px;
  display: inline-block;
  border-radius: 6px;
  padding: 0 10px;
  margin-right: 6px;
  margin-bottom: 6px;
  line-height: 2;
  background-color: hsl(0,0%,90%);
  -webkit-transition: background-color 250ms ease-in-out;
  transition: background-color 250ms ease-in-out;
}

.c2[href^='http'] {
  background-color: hsl(46,50%,92%);
}

.c2[href^='http']:hover {
  background: hsl(0,50%,90%);
}

.c1 {
  margin-top: 10px;
}

.c0 {
  margin-bottom: 32px;
}

.c0 h2 {
  margin-bottom: 10px;
}

.c0 h3 {
  font-size: 12px;
  margin-bottom: 4px;
}

.c0 p {
  margin-bottom: 15px;
}

<div
  className="c0"
>
  <h2>
    Waitrose
  </h2>
  <h3>
    2019-04-19
     to 
    present
  </h3>
  <p
    dangerouslySetInnerHTML={
      Object {
        "__html": "(<a href=\\"https://mindera.com\\" target=\\"_blank\\">Mindera</a>) Working as FE developer on <a href=\\"https://waitrose.com\\" target=\\"_blank\\">Waitrose‘s website</a>.",
      }
    }
  />
  <div
    className="c1"
  >
    <a
      className="c2"
      href="https://reactjs.org/"
      target="_blank"
    >
      ReactJS
    </a>
    <a
      className="c2"
      href="https://redux.js.org/"
      target="_blank"
    >
      Redux
    </a>
  </div>
</div>
`;
