// Jest Snapshot v1, https://goo.gl/fbAQLP

exports[`Project Card display correctly 1`] = `
.c2 {
  font-size: 11px;
  color: hsl(0,0%,50%);
}

.c2:not(:last-child)::after {
  content: ', ';
}

.c2[href^='http'] {
  color: hsl(0,0%,40%);
}

.c2[href^='http']:hover {
  color: hsl(0,97%,61%);
}

.c1 {
  margin-top: 10px;
}

.c0 {
  margin-bottom: 30px;
}

.c0 h2 {
  margin-bottom: 7px;
  font-size: 15px;
}

.c0 h2 span {
  font-size: 12px;
  color: grey;
  vertical-align: top;
  margin-left: 5px;
}

.c0 p {
  line-height: 1.6;
  font-size: 13px;
}

.c0 > a {
  display: inline-block;
  margin-top: 10px;
  font-size: 13px;
  -webkit-transition: color 0.2s ease-in-out;
  transition: color 0.2s ease-in-out;
}

.c0 > a:hover {
  color: #fc3c3c;
  opacity: 1;
}

.c0 > span {
  font-size: 11px;
  display: block;
  color: grey;
}

<div
  className="c0"
>
  <h2>
    joaobelo.pt (v6)
     
    <span>
      website
    </span>
  </h2>
  <p
    dangerouslySetInnerHTML={
      Object {
        "__html": "(this actual website) project designed and developed by myself",
      }
    }
  />
  <div
    className="c1"
  >
    <a
      className="c2"
      href="https://reactjs.org/"
      target="_blank"
    >
      ReactJS
    </a>
    <span
      className="c2"
    >
      styled components
    </span>
  </div>
  <a
    href="https://github.com/jpbelo/joaobelo-v6"
    rel="noopener noreferrer"
    target="_blank"
  >
    — project link
  </a>
</div>
`;
